<!DOCTYPE html>
<html>
<head lang="en">
    <meta charset="UTF-8">
    <title></title>
</head>
<body>
    <h1 style="color: red;">Test mail</h1>
    <p>Hi Bobby</p>
</body>
</html>
